ivt.cs
../../Compilers/Helpers/GlobalAssemblyCacheHelpers/FusionAssemblyIdentity.cs
../../Compilers/Helpers/GlobalAssemblyCacheHelpers/GlobalAssemblyCache.cs
../../Compilers/Core/Source/InternalUtilities/BitArithmeticUtilities.cs
../../Compilers/Core/Source/InternalUtilities/ArrayExtensions.cs
../../Compilers/Core/Source/InternalUtilities/ConcurrentSet.cs
../../Compilers/Core/Source/InternalUtilities/ConsList`1.cs
../../Compilers/Core/Source/InternalUtilities/DecimalUtilities.cs
../../Compilers/Core/Source/InternalUtilities/DocumentationCommentXmlNames.cs
../../Compilers/Core/Source/InternalUtilities/EnumerableExtensions.ComparisonComparer.cs
../../Compilers/Core/Source/InternalUtilities/EnumerableExtensions.cs
../../Compilers/Core/Source/InternalUtilities/EnumUtilties.cs
../../Compilers/Core/Source/InternalUtilities/PathUtilities.cs
../../Compilers/Core/Source/InternalUtilities/HashFunctions.cs
../../Compilers/Core/Source/InternalUtilities/ImmutableListExtensions.cs
../../Compilers/Core/Source/InternalUtilities/ISetExtensions.cs
../../Compilers/Core/Source/InternalUtilities/KeyValuePair.cs
../../Compilers/Core/Source/InternalUtilities/MultiDictionary.cs
../../Compilers/Core/Source/InternalUtilities/PathKind.cs
../../Compilers/Core/Source/InternalUtilities/ExceptionUtilities.cs
../../Compilers/Core/Source/InternalUtilities/ReaderWriterLockSlimExtensions.cs
../../Compilers/Core/Source/InternalUtilities/ReferenceEqualityComparer.cs
../../Compilers/Core/Source/InternalUtilities/SpecializedCollections.cs
../../Compilers/Core/Source/InternalUtilities/SpecializedCollections.Empty.Array.cs
../../Compilers/Core/Source/InternalUtilities/SpecializedCollections.Empty.Collection.cs
../../Compilers/Core/Source/InternalUtilities/SpecializedCollections.Empty.Dictionary.cs
../../Compilers/Core/Source/InternalUtilities/SpecializedCollections.Empty.Enumerable.cs
../../Compilers/Core/Source/InternalUtilities/SpecializedCollections.Empty.Enumerator.cs
../../Compilers/Core/Source/InternalUtilities/SpecializedCollections.Empty.Enumerator`1.cs
../../Compilers/Core/Source/InternalUtilities/SpecializedCollections.Empty.List.cs
../../Compilers/Core/Source/InternalUtilities/SpecializedCollections.Empty.Set.cs
../../Compilers/Core/Source/InternalUtilities/SpecializedCollections.ReadOnly.Collection.cs
../../Compilers/Core/Source/InternalUtilities/SpecializedCollections.ReadOnly.Enumerable`1.cs
../../Compilers/Core/Source/InternalUtilities/SpecializedCollections.ReadOnly.Enumerable`2.cs
../../Compilers/Core/Source/InternalUtilities/SpecializedCollections.ReadOnly.Set.cs
../../Compilers/Core/Source/InternalUtilities/SpecializedCollections.Singleton.Collection`1.cs
../../Compilers/Core/Source/InternalUtilities/SpecializedCollections.Singleton.Enumerator`1.cs
../../Compilers/Core/Source/InternalUtilities/StringExtensions.cs
../../Compilers/Core/Source/InternalUtilities/TextChangeRangeExtensions.cs
../../Compilers/Core/Source/InternalUtilities/ValueTuple.cs
../../Compilers/Core/Source/InternalUtilities/ValueTuple`2.cs
../../Compilers/Core/Source/InternalUtilities/ValueTuple`3.cs
../../Compilers/Core/Source/InternalUtilities/WeakReferenceExtensions.cs
../../Compilers/Core/Source/InternalUtilities/ObjectPool`1.cs
../../Compilers/Core/Source/NonPortable/FileUtilities.cs
../../Compilers/Core/Source/NonPortable/EncodedStringText.cs
../../Compilers/Core/Source/NonPortable/FileKey.cs
../../Compilers/Core/Source/NonPortable/FailFast.cs
../../Compilers/Core/Source/Serialization/FixedObjectBinder.cs
../../Compilers/Core/Source/Serialization/IObjectReadable.cs
../../Compilers/Core/Source/Serialization/IObjectWritable.cs
../../Compilers/Core/Source/Serialization/MultiByteEncoding.cs
../../Compilers/Core/Source/Serialization/ObjectBinder.cs
../../Compilers/Core/Source/Serialization/ObjectReader.cs
../../Compilers/Core/Source/Serialization/ObjectReaderData.cs
../../Compilers/Core/Source/Serialization/ObjectReaderWriterBase.cs
../../Compilers/Core/Source/Serialization/ObjectWriter.cs
../../Compilers/Core/Source/Serialization/ObjectWriterData.cs
../../Compilers/Core/Source/Serialization/RecordingObjectBinder.cs

CaseCorrection/AbstractCaseCorrectionService.cs
CaseCorrection/CaseCorrector.cs
CaseCorrection/ICaseCorrectionService.cs
Classification/AbstractClassificationService.cs
Classification/AbstractClassificationService.Worker.cs
Classification/ClassificationExtensions.cs
Classification/ClassificationTypeNames.cs
Classification/ClassifiedSpan.cs
Classification/Classifier.cs
Classification/Classifiers/ISyntaxClassifier.cs
Classification/IClassificationService.cs
CodeCleanup/AbstractCodeCleanerService.cs
CodeCleanup/CodeCleaner.cs
CodeCleanup/ICodeCleanerService.cs
CodeCleanup/Providers/ExportCodeCleanupProvider.cs
CodeCleanup/Providers/FormatCodeCleanupProvider.cs
CodeCleanup/Providers/ICodeCleanupProvider.cs
CodeCleanup/Providers/PredefinedCodeCleanupProviderNames.cs
CodeCleanup/Providers/SimpleCodeCleanupProvider.cs
CodeCleanup/Providers/SimplificationCodeCleanupProvider.cs
CodeGeneration/AbstractCodeGenerationService.cs
CodeGeneration/AbstractCodeGenerationService_FindDeclaration.cs
CodeGeneration/AbstractCodeGenerator.cs
CodeGeneration/AbstractCodeGenerator_Constants.cs
CodeGeneration/AbstractImportsAdder.cs
CodeGeneration/AbstractSyntaxFactory.cs
CodeGeneration/CodeGenerationDestination.cs
CodeGeneration/CodeGenerationHelpers.cs
CodeGeneration/CodeGenerationOperatorKind.cs
CodeGeneration/CodeGenerationOptions.cs
CodeGeneration/CodeGenerationSymbolFactory.cs
CodeGeneration/CodeGenerator.cs
CodeGeneration/ICodeGenerationService.cs
CodeGeneration/INamedTypeSymbolExtensions.cs
CodeGeneration/ISyntaxFactoryService.cs
CodeGeneration/SymbolModifiers.cs
CodeGeneration/Symbols/CodeGenerationAbstractMethodSymbol.cs
CodeGeneration/Symbols/CodeGenerationAbstractNamedTypeSymbol.cs
CodeGeneration/Symbols/CodeGenerationArrayTypeSymbol.cs
CodeGeneration/Symbols/CodeGenerationAttributeData.cs
CodeGeneration/Symbols/CodeGenerationConstructedMethodSymbol.cs
CodeGeneration/Symbols/CodeGenerationConstructedNamedTypeSymbol.cs
CodeGeneration/Symbols/CodeGenerationConstructorInfo.cs
CodeGeneration/Symbols/CodeGenerationConstructorSymbol.cs
CodeGeneration/Symbols/CodeGenerationConversionSymbol.cs
CodeGeneration/Symbols/CodeGenerationDestructorInfo.cs
CodeGeneration/Symbols/CodeGenerationDestructorSymbol.cs
CodeGeneration/Symbols/CodeGenerationEventInfo.cs
CodeGeneration/Symbols/CodeGenerationEventSymbol.cs
CodeGeneration/Symbols/CodeGenerationFieldInfo.cs
CodeGeneration/Symbols/CodeGenerationFieldSymbol.cs
CodeGeneration/Symbols/CodeGenerationMethodInfo.cs
CodeGeneration/Symbols/CodeGenerationMethodSymbol.cs
CodeGeneration/Symbols/CodeGenerationNamedTypeSymbol.cs
CodeGeneration/Symbols/CodeGenerationNamespaceInfo.cs
CodeGeneration/Symbols/CodeGenerationNamespaceOrTypeSymbol.cs
CodeGeneration/Symbols/CodeGenerationNamespaceSymbol.cs
CodeGeneration/Symbols/CodeGenerationOperatorSymbol.cs
CodeGeneration/Symbols/CodeGenerationParameterSymbol.cs
CodeGeneration/Symbols/CodeGenerationPointerTypeSymbol.cs
CodeGeneration/Symbols/CodeGenerationPropertyInfo.cs
CodeGeneration/Symbols/CodeGenerationPropertySymbol.cs
CodeGeneration/Symbols/CodeGenerationSymbol.cs
CodeGeneration/Symbols/CodeGenerationTypeParameterSymbol.cs
CodeGeneration/Symbols/CodeGenerationTypeSymbol.cs
CodeGeneration/SyntaxAnnotationExtensions.cs
CodeGeneration/TypeGenerator.cs
Diagnostics/DiagnosticProviderMetadata.cs
Diagnostics/ExportDiagnosticAnalyzerAttribute.cs
Differencing/Edit.cs
Differencing/EditKind.cs
Differencing/EditScript.cs
Differencing/LongestCommonSubsequence.cs
Differencing/LongestCommonSubstring.cs
Differencing/Match.cs
Differencing/Match.LongestCommonSubsequence.cs
Differencing/TreeComparer.cs
ExtensionManager/AbstractExtensionManager.cs
ExtensionManager/IExtensionManager.cs
ExtensionManager/IExtensionManagerExtensions.cs
ExtensionManager/ServicesLayerExtensionManager.cs
ExtensionOrderAttribute.cs
FindSymbols/Extensions.cs
FindSymbols/FindReferences/DependentProjectsFinder.cs
FindSymbols/FindReferences/DependentTypeFinder.cs
FindSymbols/FindReferences/Finders/AbstractMemberScopedReferenceFinder.cs
FindSymbols/FindReferences/Finders/AbstractMethodOrPropertyOrEventSymbolReferenceFinder.cs
FindSymbols/FindReferences/Finders/AbstractReferenceFinder.cs
FindSymbols/FindReferences/Finders/ConstructorInitializerSymbolReferenceFinder.cs
FindSymbols/FindReferences/Finders/ConstructorSymbolReferenceFinder.cs
FindSymbols/FindReferences/Finders/DestructorSymbolReferenceFinder.cs
FindSymbols/FindReferences/Finders/EventSymbolReferenceFinder.cs
FindSymbols/FindReferences/Finders/ExplicitInterfaceMethodReferenceFinder.cs
FindSymbols/FindReferences/Finders/FieldSymbolReferenceFinder.cs
FindSymbols/FindReferences/Finders/IReferenceFinder.cs
FindSymbols/FindReferences/Finders/LabelSymbolReferenceFinder.cs
FindSymbols/FindReferences/Finders/LinkedFileReferenceFinder.cs
FindSymbols/FindReferences/Finders/LocalSymbolReferenceFinder.cs
FindSymbols/FindReferences/Finders/MethodTypeParameterSymbolReferenceFinder.cs
FindSymbols/FindReferences/Finders/NamedTypeSymbolReferenceFinder.cs
FindSymbols/FindReferences/Finders/NamespaceSymbolReferenceFinder.cs
FindSymbols/FindReferences/Finders/OperatorSymbolReferenceFinder.cs
FindSymbols/FindReferences/Finders/OrdinaryMethodReferenceFinder.cs
FindSymbols/FindReferences/Finders/ParameterSymbolReferenceFinder.cs
FindSymbols/FindReferences/Finders/PropertyAccessorSymbolReferenceFinder.cs
FindSymbols/FindReferences/Finders/PropertySymbolReferenceFinder.cs
FindSymbols/FindReferences/Finders/RangeVariableSymbolReferenceFinder.cs
FindSymbols/FindReferences/Finders/ReferenceFinders.cs
FindSymbols/FindReferences/Finders/TypeParameterSymbolReferenceFinder.cs
FindSymbols/FindReferences/FindReferenceCache.cs
FindSymbols/FindReferences/FindReferencesProgress.cs
FindSymbols/FindReferences/FindReferencesSearchEngine.cs
FindSymbols/FindReferences/FindReferencesSearchEngine.ProgressWrapper.cs
FindSymbols/FindReferences/FindReferencesSearchEngine_DocumentProcessing.cs
FindSymbols/FindReferences/FindReferencesSearchEngine_MapCreation.cs
FindSymbols/FindReferences/FindReferencesSearchEngine_ProjectProcessing.cs
FindSymbols/IFindReferencesProgress.cs
FindSymbols/ReferencedSymbol.cs
FindSymbols/ReferenceLocation.cs
FindSymbols/ReferenceLocationExtensions.cs
FindSymbols/SymbolCallerInfo.cs
FindSymbols/SymbolFinder.cs
FindSymbols/SymbolFinder_Declarations.cs
FindSymbols/SymbolFinder_Hierarchy.cs
FindSymbols/SymbolFinder_References.cs
FindSymbols/SymbolTree/SymbolTreeInfo.cs
FindSymbols/SymbolTree/SymbolTreeInfo.Node.cs
FindSymbols/SymbolTree/SymbolTreeInfo_Serialization.cs
FindSymbols/SyntaxTree/AbstractPersistableState.cs
FindSymbols/SyntaxTree/ISyntaxTreeInfoPersistentStorage.cs
FindSymbols/SyntaxTree/SyntaxTreeContextInfo.cs
FindSymbols/SyntaxTree/SyntaxTreeIdentifierInfo.cs
FindSymbols/SyntaxTree/SyntaxTreeIdentifierInfo_Set.cs
FindSymbols/SyntaxTree/SyntaxTreeInfo.cs
Formatting/AbstractSyntaxFormattingService.cs
Formatting/BottomUpBaseIndentationFinder.cs
Formatting/Context/FormattingContext.AnchorData.cs
Formatting/Context/FormattingContext.cs
Formatting/Context/FormattingContext.IndentationData.cs
Formatting/Context/FormattingContext.InitialContextFinder.cs
Formatting/Context/SuppressIntervalIntrospector.cs
Formatting/Context/SuppressSpacingData.cs
Formatting/Context/SuppressWrappingData.cs
Formatting/ContextIntervalTree.cs
Formatting/Engine/AbstractAggregatedFormattingResult.cs
Formatting/Engine/AbstractFormatEngine.cs
Formatting/Engine/AbstractFormatEngine.OperationApplier.cs
Formatting/Engine/AbstractFormatEngine.Partitioner.cs
Formatting/Engine/AbstractFormattingResult.cs
Formatting/Engine/AbstractTriviaDataFactory.AbstractComplexTrivia.cs
Formatting/Engine/AbstractTriviaDataFactory.cs
Formatting/Engine/AbstractTriviaDataFactory.FormattedWhitespace.cs
Formatting/Engine/AbstractTriviaDataFactory.ModifiedWhitespace.cs
Formatting/Engine/AbstractTriviaDataFactory.Whitespace.cs
Formatting/Engine/ActionCache`1.cs
Formatting/Engine/ChainedFormattingRules.cs
Formatting/Engine/NodeOperations.cs
Formatting/Engine/OperationCache`1.cs
Formatting/Engine/TokenData.cs
Formatting/Engine/TokenPairWithOperations.cs
Formatting/Engine/TokenStream.Changes.cs
Formatting/Engine/TokenStream.cs
Formatting/Engine/TokenStream.Iterator.cs
Formatting/Engine/TreeData.cs
Formatting/Engine/TreeData.Debug.cs
Formatting/Engine/TreeData.Node.cs
Formatting/Engine/TreeData.NodeAndText.cs
Formatting/Engine/TreeData.StructuredTrivia.cs
Formatting/Engine/TriviaData.cs
Formatting/Engine/TriviaDataWithList.cs
Formatting/Formatter.cs
Formatting/FormattingExtensions.cs
Formatting/FormattingOptions.cs
Formatting/IFormattingResult.cs
Formatting/ISyntaxFormattingService.cs
Formatting/ListPool.cs
Formatting/Rules/AbstractFormattingRule.cs
Formatting/Rules/BaseIndentationFormattingRule.cs
Formatting/Rules/DefaultBaseIndentationFormattingRuleFactoryServiceFactory.cs
Formatting/Rules/ExportFormattingRule.cs
Formatting/Rules/IActionHolder`1.cs
Formatting/Rules/IBaseIndentationFormattingRuleFactoryService.cs
Formatting/Rules/IFormattingRule.cs
Formatting/Rules/IOperationHolder`1.cs
Formatting/Rules/NextAction`1.cs
Formatting/Rules/NextOperation`1.cs
Formatting/Rules/NoOpFormattingRule.cs
Formatting/Rules/Operations/AdjustNewLinesOperation.cs
Formatting/Rules/Operations/AdjustNewLinesOption.cs
Formatting/Rules/Operations/AdjustSpacesOperation.cs
Formatting/Rules/Operations/AdjustSpacesOption.cs
Formatting/Rules/Operations/AlignTokensOperation.cs
Formatting/Rules/Operations/AlignTokensOption.cs
Formatting/Rules/Operations/AnchorIndentationOperation.cs
Formatting/Rules/Operations/FormattingOperations.cs
Formatting/Rules/Operations/IndentBlockOperation.cs
Formatting/Rules/Operations/IndentBlockOption.cs
Formatting/Rules/Operations/SuppressOperation.cs
Formatting/Rules/Operations/SuppressOption.cs
Formatting/StringBuilderPool.cs
Formatting/TaskExecutor.cs
Formatting/TriviaEngine/AbstractTriviaFormatter.cs
Formatting/TriviaEngine/LineColumn.cs
Formatting/TriviaEngine/LineColumnDelta.cs
Formatting/TriviaEngine/LineColumnRule.cs
Formatting/TriviaEngine/TriviaList.cs
GeneratedCodeRecognition/GeneratedCodeRecognitionServiceFactory.cs
GeneratedCodeRecognition/IGeneratedCodeRecognitionService.cs
IOrderableMetadata.cs
Utilities/ObjectPools/PooledObject.cs
Workspace/Host/Mef/ServiceLayer.cs
Workspace/Host/SyntaxTreeFactory/AbstractSyntaxTreeFactoryService.AbstractRecoverableSyntaxRoot.cs
Workspace/Host/SyntaxTreeFactory/AbstractSyntaxTreeFactoryService.cs
Workspace/Host/CommandLineArgumentsFactory/ICommandLineArgumentsFactoryService.cs
Workspace/Host/CompilationFactory/ICompilationFactoryService.cs
Workspace/Host/Mef/ExportLanguageServiceAttribute.cs
Workspace/Host/Mef/ExportLanguageServiceFactoryAttribute.cs
Workspace/Host/Mef/ILanguageMetadata.cs
Workspace/Host/ILanguageService.cs
Workspace/Host/Mef/ILanguageServiceFactory.cs
LanguageServices/ISyntaxVersionLanguageService.cs
Workspace/Host/Mef/LanguageMetadata.cs
Workspace/Host/Mef/LanguageServiceMetadata.cs
Workspace/Host/Mef/OrderableLanguageMetadata.cs
LanguageServices/SemanticsFactsService/ForEachSymbols.cs
LanguageServices/SemanticsFactsService/ISemanticFactsService.cs
LanguageServices/SymbolDeclarationService/ISymbolDeclarationService.cs
LanguageServices/SyntaxFactsService/ExternalSourceInfo.cs
LanguageServices/SyntaxFactsService/ISyntaxFactsService.cs
LanguageServices/SyntaxFactsService/PredefinedOperator.cs
LanguageServices/SyntaxFactsService/PredefinedType.cs
Workspace/Host/SyntaxTreeFactory/ISyntaxTreeFactoryService.cs
LanguageServices/TypeInferenceService/ITypeInferenceService.cs
Log/EmptyLogBlock.cs
Log/EmptyLogger.cs
Log/EtwLogger.cs
Log/FeatureId.cs
Log/FeatureIdOptions.cs
Log/FunctionId.cs
Log/FunctionIdOptions.cs
Log/ILogger.cs
Log/InteractionClass.cs
Log/ITelemetry.cs
Log/Logger.cs
Log/RoslynEventSource.cs
Log/Telemetry.Parameters.cs
Log/TelemetryWorkspaceServiceFactory.cs
Log/TraceLogger.cs
Notification/AbstractGlobalOperationNotificationService.cs
Notification/GlobalOperationEventArgs.cs
Notification/GlobalOperationNotificationService.cs
Notification/GlobalOperationNotificationServiceFactory.cs
Notification/GlobalOperationRegistration.cs
Notification/IGlobalOperationNotificationService.cs
Options/ExportOptionAttribute.cs
Options/IOption.cs
Options/IOptionService.cs
Options/Option`1.cs
Options/OptionChangedEventArgs.cs
Options/OptionKey.cs
Options/OptionService.cs
Options/OptionSet.cs
Options/OptionsServiceFactory.cs
Options/PerLanguageOption.cs
Options/Providers/ExportedOptionKeyOptionProvider.cs
Options/Providers/ExportLanguageSpecificOptionSerializerAttriubte.cs
Options/Providers/ExportOptionProviderAttribute.cs
Options/Providers/ExportOptionSerializerAttribute.cs
Options/Providers/IOptionProvider.cs
Options/Providers/IOptionSerializer.cs
Options/Providers/OptionSerializerMetadata.cs
OrderableMetadata.cs
Recommendations/AbstractRecommendationService.cs
Recommendations/IRecommendationService.cs
Recommendations/RecommendationOptions.cs
Recommendations/Recommender.cs
Rename/ConflictEngine/Annotations/RenameActionAnnotation.cs
Rename/ConflictEngine/Annotations/RenameAnnotation.cs
Rename/ConflictEngine/Annotations/RenameDeclarationLocationReference.cs
Rename/ConflictEngine/Annotations/RenameInvalidIdentifierAnnotation.cs
Rename/ConflictEngine/Annotations/RenameNodeSimplificationAnnotation.cs
Rename/ConflictEngine/Annotations/RenameTokenSimplificationAnnotation.cs
Rename/ConflictEngine/ConflictingIdentifierTracker.cs
Rename/ConflictEngine/ConflictResolution.cs
Rename/ConflictEngine/ConflictResolver.cs
Rename/ConflictEngine/ConflictResolver.Session.cs
Rename/ConflictEngine/DeclarationConflictHelpers.cs
Rename/ConflictEngine/RelatedLocation.cs
Rename/ConflictEngine/RelatedLocationType.cs
Rename/ConflictEngine/RenamedSpansTracker.cs
Rename/IRenameRewriterLanguageService.cs
Rename/RenameEntityKind.cs
Rename/RenameLocation.cs
Rename/RenameLocation.ReferenceProcessing.cs
Rename/RenameLocationSet.cs
Rename/RenameOptions.cs
Rename/Renamer.cs
Rename/RenameRewriterParameters.cs
Rename/RenameUtilities.cs
SemanticModelWorkspaceService/ISemanticModelService.cs
SemanticModelWorkspaceService/SemanticModelWorkspaceServiceFactory.cs
Shared/Collections/IIntervalIntrospector.cs
Shared/Collections/IntervalTree.cs
Shared/Collections/IntervalTree`1.cs
Shared/Collections/IntervalTree`1.Node.cs
Shared/Collections/SimpleIntervalTree.cs
Shared/Collections/SimpleIntervalTree`1.cs
Shared/Collections/TextSpanIntervalIntrospector.cs
Shared/Extensions/ArrayExtensions.cs
Shared/Extensions/CharExtensions.cs
Shared/Extensions/CommonAccessibilityUtilities.cs
Shared/Extensions/CommonLocationExtensions.cs
Shared/Extensions/CommonMethodKindExtensions.cs
Shared/Extensions/CommonSymbolInfoExtensions.cs
Shared/Extensions/CommonSyntaxNodeExtensions.cs
Shared/Extensions/CommonSyntaxNodeOrTokenExtensions.cs
Shared/Extensions/CommonSyntaxTokenExtensions.cs
Shared/Extensions/CommonSyntaxTreeExtensions.cs
Shared/Extensions/CommonSyntaxTriviaExtensions.cs
Shared/Extensions/ContextQuery/AbstractSyntaxContext.cs
Shared/Extensions/DocumentExtensions.cs
Shared/Extensions/IAssemblySymbolExtensions.cs
Shared/Extensions/ICodeDefinitionFactoryExtensions.cs
Shared/Extensions/ICodeDefinitionFactoryExtensions_CreateEqualsMethod.cs
Shared/Extensions/ICodeDefinitionFactoryExtensions_CreateGetHashCodeMethod.cs
Shared/Extensions/ICollectionExtensions.cs
Shared/Extensions/IComparerExtensions.cs
Shared/Extensions/ICompilationExtensions.cs
Shared/Extensions/IEnumerableExtensions.cs
Shared/Extensions/IFindReferencesResultExtensions.cs
Shared/Extensions/ILanguageMetadataExtensions.cs
Shared/Extensions/ILanguageServiceProviderExtensions.cs
Shared/Extensions/IListExtensions.cs
Shared/Extensions/IMethodSymbolExtensions.cs
Shared/Extensions/INamedTypeSymbolExtensions.cs
Shared/Extensions/INamespaceOrTypeSymbolExtensions.cs
Shared/Extensions/INamespaceSymbolExtensions.Comparer.cs
Shared/Extensions/INamespaceSymbolExtensions.cs
Shared/Extensions/IParameterSymbolExtensions.cs
Shared/Extensions/IPropertySymbolExtensions.cs
Shared/Extensions/ISolutionExtensions.cs
Shared/Extensions/ISymbolExtensions.cs
Shared/Extensions/ISymbolExtensions.IsUnsafeVisitor.cs
Shared/Extensions/ISymbolExtensions_2.cs
Shared/Extensions/ISymbolExtensions_Accessibility.cs
Shared/Extensions/ISyntaxFactsServiceExtensions.cs
Shared/Extensions/ITypeGenerator.cs
Shared/Extensions/ITypeInferenceServiceExtensions.cs
Shared/Extensions/ITypeParameterSymbolExtensions.cs
Shared/Extensions/ITypeSymbolExtensions.AnonymousTypeRemover.cs
Shared/Extensions/ITypeSymbolExtensions.CollectTypeParameterSymbolsVisitor.cs
Shared/Extensions/ITypeSymbolExtensions.CompilationTypeGenerator.cs
Shared/Extensions/ITypeSymbolExtensions.cs
Shared/Extensions/ITypeSymbolExtensions.MinimalAccessibilityVisitor.cs
Shared/Extensions/ITypeSymbolExtensions.SubstituteTypesVisitor.cs
Shared/Extensions/ITypeSymbolExtensions.UnavailableTypeParameterRemover.cs
Shared/Extensions/ITypeSymbolExtensions.UnnamedErrorTypeRemover.cs
Shared/Extensions/LineSpan.cs
Shared/Extensions/LinkedListExtensions.cs
Shared/Extensions/ObjectExtensions.cs
Shared/Extensions/ObjectExtensions.TypeSwitch.cs
Shared/Extensions/PredefinedTypeExtensions.cs
Shared/Extensions/ProjectExtensions.cs
Shared/Extensions/SemanticEquivalence.cs
Shared/Extensions/SemanticModelExtensions.cs
Shared/Extensions/SimpleIntervalTreeExtensions.cs
Shared/Extensions/SourceTextExtensions.cs
Shared/Extensions/SpecialTypeExtensions.cs
Shared/Extensions/StackExtensions.cs
Shared/Extensions/StringExtensions.cs
Shared/Extensions/SymbolDisplayFormats.cs
Shared/Extensions/SymbolDisplayPartExtensions.cs
Shared/Extensions/TextLineExtensions.cs
Shared/Extensions/TextSpanExtensions.cs
Shared/NormalizedTextSpanCollection.cs
Shared/Utilities/AliasSymbolCache.cs
Shared/Utilities/BitArrayUtilities.cs
Shared/Utilities/BloomFilter.cs
Shared/Utilities/BloomFilter_Serialization.cs
Shared/Utilities/CancellableReader.cs
Shared/Utilities/CommonFormattingHelpers.cs
Shared/Utilities/CurrentProcessFileSystemDiscoveryService.cs
Shared/Utilities/DocumentationComment.cs
Shared/Utilities/EditorBrowsableHelpers.cs
Shared/Utilities/EnumValueUtilities.cs
Shared/Utilities/ExtensionOrderer.cs
Shared/Utilities/ExtensionOrderer.Graph.cs
Shared/Utilities/ExtensionOrderer.Node.cs
Shared/Utilities/FindTokenHelper.cs
Shared/Utilities/IFileSystemDiscoveryService.cs
Shared/Utilities/IntegerUtilities.cs
Shared/Utilities/Matcher.ChoiceMatcher.cs
Shared/Utilities/Matcher.cs
Shared/Utilities/Matcher.RepeatMatcher.cs
Shared/Utilities/Matcher.SequenceMatcher.cs
Shared/Utilities/Matcher.SingleMatcher.cs
Shared/Utilities/Matcher`1.cs
Shared/Utilities/NameGenerator.cs
Shared/Utilities/ProgressTracker.cs
Shared/Utilities/SemanticMap.cs
Shared/Utilities/SemanticMap.Walker.cs
Shared/Utilities/SignatureComparer.cs
Shared/Utilities/StringBreaker.cs
Shared/Utilities/SymbolEquivalenceComparer.cs
Shared/Utilities/SymbolEquivalenceComparer.EquivalenceVisitor.cs
Shared/Utilities/SymbolEquivalenceComparer.GetHashCodeVisitor.cs
Shared/Utilities/SymbolEquivalenceComparer.ParameterSymbolEqualityComparer.cs
Shared/Utilities/SymbolEquivalenceComparer.SignatureTypeSymbolEquivalenceComparer.cs
Shared/Utilities/SymbolVisibility.cs
Simplification/AbstractReducer.cs
Simplification/AbstractReducer.IExpressionRewriter.cs
Simplification/AbstractSimplificationService.cs
Simplification/AliasAnnotation.cs
Simplification/ISimplificationService.cs
Simplification/SimplificationHelpers.cs
Simplification/SimplificationOption.cs
Simplification/Simplifier.cs
Simplification/SpecialTypeAnnotation.cs
Simplification/SymbolAnnotation.cs
SymbolId/SymbolKey.AbstractSymbolKey.cs
SymbolId/SymbolKey.ArrayTypeSymbolKey.cs
SymbolId/SymbolKey.AssemblySymbolKey.cs
SymbolId/SymbolKey.BodyLevelSymbolKey.cs
SymbolId/SymbolKey.ComparisonOptions.cs
SymbolId/SymbolKey.cs
SymbolId/SymbolKey.DynamicTypeSymbolKey.cs
SymbolId/SymbolKey.ErrorTypeSymbolKey.cs
SymbolId/SymbolKey.EventSymbolKey.cs
SymbolId/SymbolKey.FieldSymbolKey.cs
SymbolId/SymbolKey.MethodSymbolKey.cs
SymbolId/SymbolKey.MethodTypeParameterSymbolKey.cs
SymbolId/SymbolKey.ModuleSymbolKey.cs
SymbolId/SymbolKey.NamedTypeSymbolKey.cs
SymbolId/SymbolKey.NamespaceSymbolKey.cs
SymbolId/SymbolKey.NullSymbolKey.cs
SymbolId/SymbolKey.ParameterSymbolKey.cs
SymbolId/SymbolKey.PointerTypeSymbolKey.cs
SymbolId/SymbolKey.PropertySymbolKey.cs
SymbolId/SymbolKey.SymbolKeyComparer.cs
SymbolId/SymbolKey.TypeParameterSymbolKey.cs
SymbolId/SymbolKey.Visitor.cs
SymbolId/SymbolKeyExtensions.cs
SymbolId/SymbolKeyResolution.cs
SymbolId/SymbolKeyResolutionExtensions.cs
Utilities/AbstractSpeculationAnalyzer.cs
Utilities/AnnotationTable.cs
Utilities/Async/AsyncEnumerable.cs
Utilities/Async/AsyncEnumerable_Concat.cs
Utilities/Async/AsyncEnumerable_Empty.cs
Utilities/Async/AsyncEnumerable_Select.cs
Utilities/Async/IAsyncEnumerable.cs
Utilities/Async/IAsyncEnumerator.cs
Utilities/AsyncLazy`1.cs
Utilities/AsyncSemaphore.cs
Utilities/BidirectionalMap.cs
Utilities/CancellableLazy.cs
Utilities/CancellableLazy`1.cs
Utilities/CompilerUtilities/ImmutableDictionaryExtensions.cs
Utilities/CompilerUtilities/ImmutableHashMap.cs
Utilities/CompilerUtilities/ImmutableHashMapExtensions.cs
Utilities/CompilerUtilities/linkedhashqueue.cs
Utilities/CompilerUtilities/NonReentrantLock.cs
Utilities/CompilerUtilities/NonReentrantLockExtensions.cs
Utilities/Contract.cs
Utilities/EditDistance.cs
Utilities/EventMap.cs
Utilities/ExceptionHelpers.cs
Utilities/FilePathUtilities.cs
Utilities/IBidirectionalMap.cs
Utilities/ICollectionExtensions.cs
Utilities/IDictionaryExtensions.cs
Utilities/Kernel32File.cs
Utilities/LazyInitialization.cs
Utilities/ObjectPools/Extensions.cs
Utilities/ObjectPools/SharedPools.cs
Utilities/ProcessExtensions.cs
Utilities/SemaphoreSlimExtensions.cs
Utilities/SerializableBytes.cs
Utilities/SimpleTaskQueue.cs
Utilities/SpecializedTasks.cs
Utilities/SyntaxPath.cs
Utilities/TaskExtensions.cs
Utilities/TaskFactoryExtensions.cs
Utilities/Threading/PrioritizedTaskScheduler.cs
Utilities/TopologicalSorter.cs
Utilities/TraceLog.cs
Utilities/ValuesSources/ConstantValueSource.cs
Utilities/ValuesSources/ValueSource.cs
Utilities/ValuesSources/WeakConstantValueSource.cs
Workspace/ApplyChangesKind.cs
Workspace/CommandLineProject.cs
Workspace/CustomWorkspace.cs
Workspace/DocumentationComments/DeferredDocumentationProvider.cs
Workspace/DocumentationComments/DocumentationCommentId.cs
Workspace/DocumentationComments/XmlDocumentationProvider.cs
Workspace/DocumentEventArgs.cs
Workspace/FileTextLoader.cs
Workspace/Host/Caching/CachedObjectSource.cs
Workspace/Host/Caching/CacheId.cs
Workspace/Host/Caching/CompilationCacheServiceFactory.cs
Workspace/Host/Caching/CostBasedCache.cs
Workspace/Host/Caching/ICompilationCache.cs
Workspace/Host/Caching/ICompilationCacheService.cs
Workspace/Host/Caching/IObjectCache.cs
Workspace/Host/Caching/ISyntaxTreeCacheService.cs
Workspace/Host/Caching/ITextCacheService.cs
Workspace/Host/Caching/IWeakAction.cs
Workspace/Host/Caching/RecoverableCachedObjectSource.cs
Workspace/Host/Caching/SyntaxTreeCacheServiceFactory.cs
Workspace/Host/Caching/TextCacheServiceFactory.cs
Workspace/Host/Caching/WeakAction.cs
Workspace/Host/HostLanguageServices.cs
Workspace/Host/HostServices.cs
Workspace/Host/Mef/MefHostServices.cs
Workspace/Host/Metadata/MetadataReferenceProviderServiceFactory.cs
Workspace/Host/Metadata/IMetadataReferenceProviderService.cs
Workspace/Host/PersistentStorage/AbstractPersistentStorage.cs
Workspace/Host/PersistentStorage/IPersistentStorage.cs
Workspace/Host/PersistentStorage/IPersistentStorageService.cs
Workspace/Host/PersistentStorage/NoOpPersistentStorage.cs
Workspace/Host/PersistentStorage/PersistentStorageOptions.cs
Workspace/Host/PersistentStorage/PersistentStorageServiceFactory.cs
Workspace/Host/SyntaxTreeStorage/ISyntaxTreeStorageService.cs
Workspace/Host/SyntaxTreeStorage/SyntaxTreeStorageService.cs
Workspace/Host/TaskScheduler/IWorkspaceTaskScheduler.cs
Workspace/Host/TaskScheduler/IWorkspaceTaskSchedulerFactory.cs
Workspace/Host/TaskScheduler/WorkspaceTaskSchedulerFactory.cs
Workspace/Host/TaskScheduler/WorkspaceTaskSchedulerFactory.WorkspaceTaskQueue.cs
Workspace/Host/TaskScheduler/WorkspaceTaskSchedulerFactoryFactory.cs
Workspace/Host/TemporaryStorage/ISupportDirectMemoryAccess.cs
Workspace/Host/TemporaryStorage/ITemporaryStorage.cs
Workspace/Host/TemporaryStorage/ITemporaryStorageService.cs
Workspace/Host/TemporaryStorage/TemporaryStorageServiceFactory.cs
Workspace/Host/TemporaryStorage/TemporaryStorageServiceFactory.MemoryMappedFiles.cs
Workspace/Host/TextFactory/ITextFactoryService.cs
Workspace/Host/TextFactory/TextFactoryServiceFactory.cs
Workspace/Host/TextFactory/TextFactoryServiceFactory.TextFactoryService.cs
Workspace/Host/HostWorkspaceServices.cs
Workspace/InternalsVisibleTo.cs
Workspace/MSBuild/MSBuildWorkspace.cs
Workspace/MSBuild/ProjectFile/BuildTargets.cs
Workspace/MSBuild/ProjectFile/DocumentFileInfo.cs
Workspace/MSBuild/ProjectFile/IProjectFile.cs
Workspace/MSBuild/ProjectFile/IProjectFileLoader.cs
Workspace/MSBuild/ProjectFile/MetadataInfo.cs
Workspace/MSBuild/ProjectFile/ProjectFile.cs
Workspace/MSBuild/ProjectFile/ProjectFileInfo.cs
Workspace/MSBuild/ProjectFile/ProjectFileLoader.cs
Workspace/MSBuild/ProjectFile/ProjectFileReference.cs
Workspace/MSBuild/SolutionFile/LineScanner.cs
Workspace/MSBuild/SolutionFile/ProjectBlock.cs
Workspace/MSBuild/SolutionFile/SectionBlock.cs
Workspace/MSBuild/SolutionFile/SolutionFile.cs
Workspace/Solution/BranchId.cs
Workspace/Solution/Document.cs
Workspace/Solution/DocumentDiagnostic.cs
Workspace/Solution/DocumentId.cs
Workspace/Solution/DocumentInfo.cs
Workspace/Solution/DocumentState.cs
Workspace/Solution/DocumentState.EquivalenceResult.cs
Workspace/Solution/DocumentState_SimpleProperties.cs
Workspace/Solution/MetadataOnlyImage.cs
Workspace/Solution/MetadataOnlyReference.cs
Workspace/Solution/PreservationMode.cs
Workspace/Solution/Project.cs
Workspace/Solution/Project.EquivalenceResult.cs
Workspace/Solution/ProjectChanges.cs
Workspace/Solution/ProjectDependencyGraph.cs
Workspace/Solution/ProjectDiagnostic.cs
Workspace/Solution/ProjectId.cs
Workspace/Solution/ProjectInfo.cs
Workspace/Solution/ProjectReference.cs
Workspace/Solution/ProjectState.cs
Workspace/Solution/RecoverableTextAndVersion.cs
Workspace/Solution/SemanticDocument.cs
Workspace/Solution/Solution.CompilationTracker.cs
Workspace/Solution/Solution.CompilationTracker.State.cs
Workspace/Solution/Solution.CompilationTranslationAction.Actions.cs
Workspace/Solution/Solution.CompilationTranslationAction.cs
Workspace/Solution/Solution.cs
Workspace/Solution/SolutionChanges.cs
Workspace/Solution/SolutionId.cs
Workspace/Solution/SolutionInfo.cs
Workspace/Solution/SolutionServices.cs
Workspace/Solution/SyntacticDocument.cs
Workspace/Solution/TextAndVersion.cs
Workspace/Solution/TextLoader.cs
Workspace/Solution/TreeAndVersion.cs
Workspace/Solution/VersionStamp.cs
Workspace/TextExtensions.cs
Workspace/Workspace.cs
Workspace/Workspace.TextTracker.cs
Workspace/Workspace_Editor.cs
Workspace/Workspace_Events.cs
Workspace/Workspace_Registration.cs
Workspace/WorkspaceChangeEventArgs.cs
Workspace/WorkspaceChangeKind.cs
Workspace/WorkspaceDiagnostic.cs
Workspace/WorkspaceDiagnosticEventArgs.cs
Workspace/WorkspaceDiagnosticKind.cs
Workspace/WorkspaceKind.cs
Workspace/WorkspaceRegistration.cs
Workspace/Host/Mef/ExportWorkspaceServiceAttribute.cs
Workspace/Host/Mef/ExportWorkspaceServiceFactoryAttribute.cs
Workspace/Host/IWorkspaceService.cs
Workspace/Host/Mef/IWorkspaceServiceFactory.cs
Workspace/Host/Mef/WorkspaceServiceMetadata.cs
CodeActions/CodeAction.cs
CodeActions/CodeActionWithOptions.cs
CodeActions/Annotations/ConflictAnnotation.cs
CodeActions/Annotations/RenameAnnotation.cs
CodeActions/Annotations/WarningAnnotation.cs
CodeActions/Operations/CodeActionOperation.cs
CodeActions/Operations/ApplyChangesOperation.cs
CodeActions/Operations/OpenDocumentOperation.cs
CodeFixes/ICodeFixProvider.cs
CodeFixes/ExportCodeFixProviderAttribute.cs
CodeRefactorings/ICodeRefactoringProvider.cs
CodeRefactorings/ExportCodeRefactoringProviderAttribute.cs
WorkspacesResources.Designer.cs