CaseCorrection/CSharpCaseCorrectionService.cs
Classification/ClassificationHelpers.cs
Classification/Classifiers/AbstractSyntaxClassifier.cs
Classification/Classifiers/NameSyntaxClassifier.cs
Classification/Classifiers/SyntaxTokenClassifier.cs
Classification/Classifiers/UsingDirectiveSyntaxClassifier.cs
Classification/CSharpClassificationService.cs
Classification/SyntaxClassifier.cs
Classification/Worker.cs
Classification/Worker_DocumentationComments.cs
Classification/Worker_Preprocesser.cs
CodeCleanup/CSharpCodeCleanerService.cs
CodeCleanup/CSharpCodeCleanerServiceFactory.cs
CodeGeneration/AbstractCSharpCodeGenerator.cs
CodeGeneration/AbstractCSharpCodeGenerator_Constants.cs
CodeGeneration/ArgumentGenerator.cs
CodeGeneration/AttributeGenerator.cs
CodeGeneration/ConstructorGenerator.cs
CodeGeneration/ConversionGenerator.cs
CodeGeneration/CSharpCodeGenerationService.cs
CodeGeneration/CSharpCodeGenerationServiceFactory.cs
CodeGeneration/CSharpDeclarationComparer.cs
CodeGeneration/CSharpSyntaxFactory.cs
CodeGeneration/DestructorGenerator.cs
CodeGeneration/EnumMemberGenerator.cs
CodeGeneration/EventGenerator.cs
CodeGeneration/ExpressionGenerator.cs
CodeGeneration/FieldGenerator.cs
CodeGeneration/MethodGenerator.cs
CodeGeneration/NamedTypeGenerator.cs
CodeGeneration/NamespaceGenerator.cs
CodeGeneration/OperatorGenerator.cs
CodeGeneration/ParameterGenerator.cs
CodeGeneration/PropertyGenerator.cs
CodeGeneration/StatementGenerator.cs
CodeGeneration/TypeParameterGenerator.cs
CodeGeneration/UsingDirectivesAdder.cs
CodeGeneration/UsingDirectivesAdder.Rewriter.cs
Composition/CSharpWorkspaceFeatures.cs
CSharpWorkspaceResources.Designer.cs
Extensions/ArgumentSyntaxExtensions.cs
Extensions/BaseArgumentListSyntaxExtensions.cs
Extensions/BaseParameterListSyntaxExtensions.cs
Extensions/BinaryExpressionSyntaxExtensions.cs
Extensions/BreakpointSpans.cs
Extensions/CastExpressionSyntaxExtensions.cs
Extensions/CommonSyntaxNodeExtensions.cs
Extensions/CompilationUnitSyntaxExtensions.cs
Extensions/ContextQuery/CSharpSyntaxContext.cs
Extensions/ContextQuery/SyntaxNodeExtensions.cs
Extensions/ContextQuery/SyntaxTokenExtensions.cs
Extensions/ContextQuery/SyntaxTreeExtensions.cs
Extensions/ConversionExtensions.cs
Extensions/CrefSyntaxExtensions.cs
Extensions/DirectiveSyntaxExtensions.cs
Extensions/DirectiveSyntaxExtensions.DirectiveInfo.cs
Extensions/DirectiveSyntaxExtensions.DirectiveSyntaxEqualityComparer.cs
Extensions/DirectiveSyntaxExtensions.DirectiveWalker.cs
Extensions/DocumentationCommentExtensions.cs
Extensions/ExpressionSyntaxExtensions.cs
Extensions/ForEachStatementSyntaxExtensions.cs
Extensions/IDocumentExtensions.cs
Extensions/ISemanticModelExtensions.cs
Extensions/ITypeParameterSymbolExtensions.cs
Extensions/ITypeSymbolExtensions.cs
Extensions/ITypeSymbolExtensions.ExpressionSyntaxGeneratorVisitor.cs
Extensions/ITypeSymbolExtensions.TypeSyntaxGeneratorVisitor.cs
Extensions/MemberDeclarationSyntaxExtensions.cs
Extensions/MemberDeclarationSyntaxExtensions.DeclarationFinder.cs
Extensions/MemberDeclarationSyntaxExtensions.LocalDeclarationMap.cs
Extensions/NamespaceDeclarationSyntaxExtensions.cs
Extensions/NameSyntaxExtensions.cs
Extensions/OperatorPrecedence.cs
Extensions/ParenthesizedExpressionSyntaxExtensions.cs
Extensions/QueryExpressionSyntaxExtensions.cs
Extensions/SemanticEquivalence.cs
Extensions/SeparatedSyntaxListExtensions.cs
Extensions/SimpleNameSyntaxExtensions.cs
Extensions/StatementSyntaxExtensions.cs
Extensions/StringExtensions.cs
Extensions/SymbolDisplayPartExtensions.cs
Extensions/SyntaxListExtensions.cs
Extensions/SyntaxNodeExtensions.cs
Extensions/SyntaxNodeExtensions.SingleLineRewriter.cs
Extensions/SyntaxTokenExtensions.cs
Extensions/SyntaxTokenListExtensions.cs
Extensions/SyntaxTreeExtensions.cs
Extensions/SyntaxTriviaExtensions.cs
Extensions/SyntaxTriviaListExtensions.cs
Extensions/TypeDeclarationSyntaxExtensions.cs
Extensions/TypeSyntaxExtensions.cs
Extensions/VariableDeclaratorExtensions.cs
Formatting/CSharpFormattingOptions.cs
Formatting/CSharpSyntaxFormattingService.cs
Formatting/DefaultOperationProvider.cs
Formatting/Engine/AggregatedFormattingResult.cs
Formatting/Engine/CSharpFormatEngine.cs
Formatting/Engine/CSharpStructuredTriviaFormatEngine.cs
Formatting/Engine/FormattingResult.cs
Formatting/Engine/Trivia/CSharpTriviaFormatter.cs
Formatting/Engine/Trivia/TriviaDataFactory.Analyzer.cs
Formatting/Engine/Trivia/TriviaDataFactory.CodeShapeAnalyzer.cs
Formatting/Engine/Trivia/TriviaDataFactory.ComplexTrivia.cs
Formatting/Engine/Trivia/TriviaDataFactory.cs
Formatting/Engine/Trivia/TriviaDataFactory.FormattedComplexTrivia.cs
Formatting/Engine/Trivia/TriviaDataFactory.ModifiedComplexTrivia.cs
Formatting/Engine/Trivia/TriviaRewriter.cs
Formatting/FormattingHelpers.cs
Formatting/Rules/AnchorIndentationFormattingRule.cs
Formatting/Rules/BaseFormattingRule.cs
Formatting/Rules/ElasticTriviaFormattingRule.cs
Formatting/Rules/EndOfFileTokenFormattingRule.cs
Formatting/Rules/IndentBlockFormattingRule.cs
Formatting/Rules/IndentUserSettingsFormattingRule.cs
Formatting/Rules/NewLineUserSettingFormattingRule.cs
Formatting/Rules/QueryExpressionFormattingRule.cs
Formatting/Rules/SpacingFormattingRule.cs
Formatting/Rules/StructuredTriviaFormattingRule.cs
Formatting/Rules/SuppressFormattingRule.cs
Formatting/Rules/TokenBasedFormattingRule.cs
Formatting/Rules/WrappingFormattingRule.cs
LanguageServices/CSharpCommandLineArgumentsFactoryService.cs
LanguageServices/CSharpCompilationFactoryService.cs
LanguageServices/CSharpSemanticFactsService.cs
LanguageServices/CSharpSymbolDeclarationService.cs
LanguageServices/CSharpSyntaxFactsService.cs
LanguageServices/CSharpSyntaxTreeFactory.PathSyntaxReference.cs
LanguageServices/CSharpSyntaxTreeFactoryService.cs
LanguageServices/CSharpSyntaxTreeFactoryService.NullSyntaxReference.cs
LanguageServices/CSharpSyntaxTreeFactoryService.PositionalSyntaxReference.cs
LanguageServices/CSharpSyntaxTreeFactoryService.RecoverableSyntaxTree.cs
LanguageServices/CSharpSyntaxVersionService.cs
LanguageServices/CSharpTypeInferenceService.cs
LanguageServices/CSharpTypeInferenceService.TypeInferrer.cs
MSBuild/CSharpProjectFileLoader.cs
MSBuild/CSharpProjectFileLoader.CSharpProjectFile.cs
Recommendations/CSharpRecommendationService.cs
Rename/CSharpRenameRewriterLanguageService.cs
Rename/LabelConflictVisitor.cs
Rename/LocalConflictVisitor.cs
Simplification/AbstractCSharpReducer.AbstractExpressionRewriter.cs
Simplification/AbstractCSharpReducer.cs
Simplification/CSharpCastReducer.cs
Simplification/CSharpCastReducer.Rewriter.cs
Simplification/CSharpEscapingReducer.cs
Simplification/CSharpEscapingReducer.Rewriter.cs
Simplification/CSharpExtensionMethodReducer.cs
Simplification/CSharpExtensionMethodReducer.Rewriter.cs
Simplification/CSharpMiscellaneousReducer.cs
Simplification/CSharpMiscellaneousReducer.Rewriter.cs
Simplification/CSharpNameReducer.cs
Simplification/CSharpNameReducer.Rewriter.cs
Simplification/CSharpParenthesesReducer.cs
Simplification/CSharpParenthesesReducer.Rewriter.cs
Simplification/CSharpSimplificationService.cs
Simplification/CSharpSimplificationService.Expander.cs
Simplification/CSharpSimplificationService.NodesAndTokensToReduceComputer.cs
Utilities/CompilationOptionsConversion.cs
Utilities/FormattingRangeHelper.cs
Utilities/NameSyntaxComparer.cs
Utilities/NameSyntaxIterator.cs
Utilities/SpeculationAnalyzer.cs
Utilities/SyntaxKindSet.cs
Utilities/TokenComparer.cs
Utilities/TypeSyntaxComparer.cs
Utilities/UsingsAndExternAliasesDirectiveComparer.cs
Utilities/UsingsAndExternAliasesOrganizer.cs
Formatting/Engine/Trivia/CSharpTriviaFormatter.DocumentationCommentExteriorCommentRewriter.cs